[
  {
    "nomeFantasia": "Novo Restaurante",
    "proprietario": "ID do keyclock"
  },
  {
    "nomeFantasia": "Novo Restaurante 2",
    "proprietario": "ID do keyclock 2"
  }
]